components/AboutSection.tsx(9,30): error TS2345: Argument of type 'RefObject<null>' is not assignable to parameter of type 'RefObject<Element>'.
  Type 'null' is not assignable to type 'Element'.
components/AboutSection.tsx(31,11): error TS2322: Type '{ children: Element[]; initial: { opacity: number; y: number; }; animate: { opacity: number; y: number; } | {}; transition: { duration: number; delay: number; }; className: string; }' is not assignable to type 'IntrinsicAttributes & HTMLAttributesWithoutMotionProps<unknown, unknown> & MotionProps & RefAttributes<unknown>'.
  Property 'className' does not exist on type 'IntrinsicAttributes & HTMLAttributesWithoutMotionProps<unknown, unknown> & MotionProps & RefAttributes<unknown>'.
components/AboutSection.tsx(60,13): error TS2322: Type '{ children: (string | Element)[]; href: string; target: string; rel: string; className: string; initial: { opacity: number; }; animate: { opacity: number; } | {}; transition: { duration: number; delay: number; }; }' is not assignable to type 'IntrinsicAttributes & HTMLAttributesWithoutMotionProps<unknown, unknown> & MotionProps & RefAttributes<unknown>'.
  Property 'href' does not exist on type 'IntrinsicAttributes & HTMLAttributesWithoutMotionProps<unknown, unknown> & MotionProps & RefAttributes<unknown>'. Did you mean 'ref'?
components/ContactSection.tsx(14,30): error TS2345: Argument of type 'RefObject<null>' is not assignable to parameter of type 'RefObject<Element>'.
components/ContactSection.tsx(64,11): error TS2322: Type '{ children: Element[]; initial: { opacity: number; y: number; }; animate: { opacity: number; y: number; } | {}; transition: { duration: number; }; className: string; }' is not assignable to type 'IntrinsicAttributes & HTMLAttributesWithoutMotionProps<unknown, unknown> & MotionProps & RefAttributes<unknown>'.
  Property 'className' does not exist on type 'IntrinsicAttributes & HTMLAttributesWithoutMotionProps<unknown, unknown> & MotionProps & RefAttributes<unknown>'.
components/ContactSection.tsx(81,11): error TS2322: Type '{ children: Element[]; initial: { opacity: number; y: number; }; animate: { opacity: number; y: number; } | {}; transition: { duration: number; delay: number; }; className: string; }' is not assignable to type 'IntrinsicAttributes & HTMLAttributesWithoutMotionProps<unknown, unknown> & MotionProps & RefAttributes<unknown>'.
  Property 'className' does not exist on type 'IntrinsicAttributes & HTMLAttributesWithoutMotionProps<unknown, unknown> & MotionProps & RefAttributes<unknown>'.
components/ContactSection.tsx(145,13): error TS2322: Type '{ children: Element[]; initial: { opacity: number; }; animate: { opacity: number; } | {}; transition: { duration: number; delay: number; }; className: string; }' is not assignable to type 'IntrinsicAttributes & HTMLAttributesWithoutMotionProps<unknown, unknown> & MotionProps & RefAttributes<unknown>'.
  Property 'className' does not exist on type 'IntrinsicAttributes & HTMLAttributesWithoutMotionProps<unknown, unknown> & MotionProps & RefAttributes<unknown>'.
components/EasterEggHint.tsx(12,11): error TS2322: Type '{ children: Element[]; initial: { opacity: number; }; whileInView: { opacity: number; }; transition: { duration: number; }; className: string; }' is not assignable to type 'IntrinsicAttributes & HTMLAttributesWithoutMotionProps<unknown, unknown> & MotionProps & RefAttributes<unknown>'.
  Property 'className' does not exist on type 'IntrinsicAttributes & HTMLAttributesWithoutMotionProps<unknown, unknown> & MotionProps & RefAttributes<unknown>'.
components/ExperienceSection.tsx(9,30): error TS2345: Argument of type 'RefObject<null>' is not assignable to parameter of type 'RefObject<Element>'.
components/ExperienceSection.tsx(38,17): error TS2322: Type '{ children: Element[]; key: string; initial: { opacity: number; x: number; }; animate: { opacity: number; x: number; } | {}; transition: { duration: number; delay: number; }; className: string; }' is not assignable to type 'IntrinsicAttributes & HTMLAttributesWithoutMotionProps<unknown, unknown> & MotionProps & RefAttributes<unknown>'.
  Property 'className' does not exist on type 'IntrinsicAttributes & HTMLAttributesWithoutMotionProps<unknown, unknown> & MotionProps & RefAttributes<unknown>'.
components/Footer.tsx(15,13): error TS2322: Type '{ children: (string | number)[]; initial: { opacity: number; }; whileInView: { opacity: number; }; transition: { duration: number; }; className: string; }' is not assignable to type 'IntrinsicAttributes & HTMLAttributesWithoutMotionProps<unknown, unknown> & MotionProps & RefAttributes<unknown>'.
  Property 'className' does not exist on type 'IntrinsicAttributes & HTMLAttributesWithoutMotionProps<unknown, unknown> & MotionProps & RefAttributes<unknown>'.
components/Footer.tsx(24,13): error TS2322: Type '{ children: Element[]; initial: { opacity: number; }; whileInView: { opacity: number; }; transition: { duration: number; delay: number; }; className: string; }' is not assignable to type 'IntrinsicAttributes & HTMLAttributesWithoutMotionProps<unknown, unknown> & MotionProps & RefAttributes<unknown>'.
  Property 'className' does not exist on type 'IntrinsicAttributes & HTMLAttributesWithoutMotionProps<unknown, unknown> & MotionProps & RefAttributes<unknown>'.
components/HeroSection.tsx(28,11): error TS2322: Type '{ children: Element; initial: { opacity: number; y: number; }; animate: { opacity: number; y: number; }; transition: { duration: number; }; className: string; }' is not assignable to type 'IntrinsicAttributes & HTMLAttributesWithoutMotionProps<unknown, unknown> & MotionProps & RefAttributes<unknown>'.
  Property 'className' does not exist on type 'IntrinsicAttributes & HTMLAttributesWithoutMotionProps<unknown, unknown> & MotionProps & RefAttributes<unknown>'.
components/HeroSection.tsx(39,11): error TS2322: Type '{ children: (string | Element)[]; initial: { opacity: number; y: number; }; animate: { opacity: number; y: number; }; transition: { duration: number; delay: number; }; className: string; }' is not assignable to type 'IntrinsicAttributes & HTMLAttributesWithoutMotionProps<unknown, unknown> & MotionProps & RefAttributes<unknown>'.
  Property 'className' does not exist on type 'IntrinsicAttributes & HTMLAttributesWithoutMotionProps<unknown, unknown> & MotionProps & RefAttributes<unknown>'.
components/HeroSection.tsx(48,11): error TS2322: Type '{ children: (string | Element)[]; initial: { opacity: number; y: number; }; animate: { opacity: number; y: number; }; transition: { duration: number; delay: number; }; className: string; }' is not assignable to type 'IntrinsicAttributes & HTMLAttributesWithoutMotionProps<unknown, unknown> & MotionProps & RefAttributes<unknown>'.
  Property 'className' does not exist on type 'IntrinsicAttributes & HTMLAttributesWithoutMotionProps<unknown, unknown> & MotionProps & RefAttributes<unknown>'.
components/HeroSection.tsx(59,11): error TS2322: Type '{ children: Element[]; initial: { opacity: number; y: number; }; animate: { opacity: number; y: number; }; transition: { duration: number; delay: number; }; className: string; }' is not assignable to type 'IntrinsicAttributes & HTMLAttributesWithoutMotionProps<unknown, unknown> & MotionProps & RefAttributes<unknown>'.
  Property 'className' does not exist on type 'IntrinsicAttributes & HTMLAttributesWithoutMotionProps<unknown, unknown> & MotionProps & RefAttributes<unknown>'.
components/HeroSection.tsx(95,11): error TS2322: Type '{ children: Element[]; initial: { opacity: number; }; animate: { opacity: number; }; transition: { duration: number; delay: number; }; className: string; }' is not assignable to type 'IntrinsicAttributes & HTMLAttributesWithoutMotionProps<unknown, unknown> & MotionProps & RefAttributes<unknown>'.
  Property 'className' does not exist on type 'IntrinsicAttributes & HTMLAttributesWithoutMotionProps<unknown, unknown> & MotionProps & RefAttributes<unknown>'.
components/HeroSection.tsx(135,9): error TS2322: Type '{ children: Element; initial: { opacity: number; }; animate: { opacity: number; }; transition: { delay: number; duration: number; }; className: string; }' is not assignable to type 'IntrinsicAttributes & HTMLAttributesWithoutMotionProps<unknown, unknown> & MotionProps & RefAttributes<unknown>'.
  Property 'className' does not exist on type 'IntrinsicAttributes & HTMLAttributesWithoutMotionProps<unknown, unknown> & MotionProps & RefAttributes<unknown>'.
components/HeroSection.tsx(140,11): error TS2322: Type '{ children: Element; animate: { y: [number, number, number]; }; transition: { duration: number; repeat: number; ease: "easeInOut"; }; className: string; }' is not assignable to type 'IntrinsicAttributes & HTMLAttributesWithoutMotionProps<unknown, unknown> & MotionProps & RefAttributes<unknown>'.
  Property 'className' does not exist on type 'IntrinsicAttributes & HTMLAttributesWithoutMotionProps<unknown, unknown> & MotionProps & RefAttributes<unknown>'.
components/HeroSection.tsx(142,23): error TS2322: Type '{ className: string; }' is not assignable to type 'IntrinsicAttributes & HTMLAttributesWithoutMotionProps<unknown, unknown> & MotionProps & RefAttributes<unknown>'.
  Property 'className' does not exist on type 'IntrinsicAttributes & HTMLAttributesWithoutMotionProps<unknown, unknown> & MotionProps & RefAttributes<unknown>'.
components/Navigation.tsx(66,9): error TS2322: Type '{ children: Element; initial: { y: number; opacity: number; }; animate: { y: number; opacity: number; }; transition: { duration: number; delay: number; }; className: string; }' is not assignable to type 'IntrinsicAttributes & HTMLAttributesWithoutMotionProps<unknown, unknown> & MotionProps & RefAttributes<unknown>'.
  Property 'className' does not exist on type 'IntrinsicAttributes & HTMLAttributesWithoutMotionProps<unknown, unknown> & MotionProps & RefAttributes<unknown>'.
components/Navigation.tsx(122,13): error TS2322: Type '{ children: Element[]; initial: { opacity: number; }; animate: { opacity: number; }; exit: { opacity: number; }; transition: { duration: number; }; className: string; }' is not assignable to type 'IntrinsicAttributes & HTMLAttributesWithoutMotionProps<unknown, unknown> & MotionProps & RefAttributes<unknown>'.
  Property 'className' does not exist on type 'IntrinsicAttributes & HTMLAttributesWithoutMotionProps<unknown, unknown> & MotionProps & RefAttributes<unknown>'.
components/Navigation.tsx(136,15): error TS2322: Type '{ children: Element; initial: { opacity: number; y: number; }; animate: { opacity: number; y: number; }; exit: { opacity: number; y: number; }; transition: { duration: number; delay: number; }; className: string; }' is not assignable to type 'IntrinsicAttributes & HTMLAttributesWithoutMotionProps<unknown, unknown> & MotionProps & RefAttributes<unknown>'.
  Property 'className' does not exist on type 'IntrinsicAttributes & HTMLAttributesWithoutMotionProps<unknown, unknown> & MotionProps & RefAttributes<unknown>'.
components/ProjectsSection.tsx(11,30): error TS2345: Argument of type 'RefObject<null>' is not assignable to parameter of type 'RefObject<Element>'.
components/ProjectsSection.tsx(35,15): error TS2322: Type '{ children: Element; key: string; initial: { opacity: number; y: number; }; animate: { opacity: number; y: number; } | {}; className: string; }' is not assignable to type 'IntrinsicAttributes & HTMLAttributesWithoutMotionProps<unknown, unknown> & MotionProps & RefAttributes<unknown>'.
  Property 'className' does not exist on type 'IntrinsicAttributes & HTMLAttributesWithoutMotionProps<unknown, unknown> & MotionProps & RefAttributes<unknown>'.
components/ProjectsSection.tsx(46,11): error TS2322: Type '{ children: Element; initial: { opacity: number; y: number; }; animate: { opacity: number; y: number; } | {}; transition: { duration: number; delay: number; }; className: string; }' is not assignable to type 'IntrinsicAttributes & HTMLAttributesWithoutMotionProps<unknown, unknown> & MotionProps & RefAttributes<unknown>'.
  Property 'className' does not exist on type 'IntrinsicAttributes & HTMLAttributesWithoutMotionProps<unknown, unknown> & MotionProps & RefAttributes<unknown>'.
components/section-divider.tsx(9,7): error TS2322: Type '{ className: string; initial: { opacity: number; y: number; }; animate: { opacity: number; y: number; }; transition: { delay: number; }; }' is not assignable to type 'IntrinsicAttributes & HTMLAttributesWithoutMotionProps<unknown, unknown> & MotionProps & RefAttributes<unknown>'.
  Property 'className' does not exist on type 'IntrinsicAttributes & HTMLAttributesWithoutMotionProps<unknown, unknown> & MotionProps & RefAttributes<unknown>'.
components/SkillsSection.tsx(9,30): error TS2345: Argument of type 'RefObject<null>' is not assignable to parameter of type 'RefObject<Element>'.
components/SkillsSection.tsx(37,15): error TS2322: Type '{ children: Element[]; key: string; initial: { opacity: number; y: number; }; animate: { opacity: number; y: number; } | {}; transition: { duration: number; delay: number; }; className: string; }' is not assignable to type 'IntrinsicAttributes & HTMLAttributesWithoutMotionProps<unknown, unknown> & MotionProps & RefAttributes<unknown>'.
  Property 'className' does not exist on type 'IntrinsicAttributes & HTMLAttributesWithoutMotionProps<unknown, unknown> & MotionProps & RefAttributes<unknown>'.
components/SkillsSection.tsx(52,21): error TS2322: Type '{ children: string; key: string; initial: { opacity: number; scale: number; }; animate: { opacity: number; scale: number; } | {}; transition: { duration: number; delay: number; }; className: string; }' is not assignable to type 'IntrinsicAttributes & HTMLAttributesWithoutMotionProps<unknown, unknown> & MotionProps & RefAttributes<unknown>'.
  Property 'className' does not exist on type 'IntrinsicAttributes & HTMLAttributesWithoutMotionProps<unknown, unknown> & MotionProps & RefAttributes<unknown>'.
components/ui/tooltip.tsx(4,35): error TS2307: Cannot find module '@radix-ui/react-tooltip' or its corresponding type declarations.
